// Jest Snapshot v1, https://goo.gl/fbAQLP

exports[`works 1`] = `"const c = useStyle\`color:blue;font-size:30px;.p{color:\${GREEN}}\`;"`;
